Archive member included because of file (symbol)

c:/_tot/_5_PORTABLE/_2_PROGRAMMING/WinAVR_Portable_V14_1/WinAVR-20100110/lib/gcc/avr/4.3.3/avr5\libgcc.a(_exit.o)
                              c:/_tot/_5_PORTABLE/_2_PROGRAMMING/WinAVR_Portable_V14_1/WinAVR-20100110/lib/gcc/avr/4.3.3/../../../../avr/lib/avr5/crtm328p.o (exit)
c:/_tot/_5_PORTABLE/_2_PROGRAMMING/WinAVR_Portable_V14_1/WinAVR-20100110/lib/gcc/avr/4.3.3/avr5\libgcc.a(_copy_data.o)
                              test_lcd.o (__do_copy_data)
c:/_tot/_5_PORTABLE/_2_PROGRAMMING/WinAVR_Portable_V14_1/WinAVR-20100110/lib/gcc/avr/4.3.3/../../../../avr/lib/avr5\libc.a(itoa.o)
                              test_lcd.o (itoa)
c:/_tot/_5_PORTABLE/_2_PROGRAMMING/WinAVR_Portable_V14_1/WinAVR-20100110/lib/gcc/avr/4.3.3/../../../../avr/lib/avr5\libc.a(strrev.o)
                              c:/_tot/_5_PORTABLE/_2_PROGRAMMING/WinAVR_Portable_V14_1/WinAVR-20100110/lib/gcc/avr/4.3.3/../../../../avr/lib/avr5\libc.a(itoa.o) (strrev)
c:/_tot/_5_PORTABLE/_2_PROGRAMMING/WinAVR_Portable_V14_1/WinAVR-20100110/lib/gcc/avr/4.3.3/avr5\libgcc.a(_udivmodhi4.o)
                              c:/_tot/_5_PORTABLE/_2_PROGRAMMING/WinAVR_Portable_V14_1/WinAVR-20100110/lib/gcc/avr/4.3.3/../../../../avr/lib/avr5\libc.a(itoa.o) (__udivmodhi4)

Memory Configuration

Name             Origin             Length             Attributes
text             0x00000000         0x00020000         xr
data             0x00800060         0x0000ffa0         rw !x
eeprom           0x00810000         0x00010000         rw !x
fuse             0x00820000         0x00000400         rw !x
lock             0x00830000         0x00000400         rw !x
signature        0x00840000         0x00000400         rw !x
*default*        0x00000000         0xffffffff

Linker script and memory map

Address of section .data set to 0x800100
LOAD c:/_tot/_5_PORTABLE/_2_PROGRAMMING/WinAVR_Portable_V14_1/WinAVR-20100110/lib/gcc/avr/4.3.3/../../../../avr/lib/avr5/crtm328p.o
LOAD c:/_tot/_5_PORTABLE/_2_PROGRAMMING/WinAVR_Portable_V14_1/WinAVR-20100110/lib/gcc/avr/4.3.3/../../../../avr/lib/avr5\libm.a
LOAD test_lcd.o
LOAD lcd.o
LOAD c:/_tot/_5_PORTABLE/_2_PROGRAMMING/WinAVR_Portable_V14_1/WinAVR-20100110/lib/gcc/avr/4.3.3/avr5\libgcc.a
LOAD c:/_tot/_5_PORTABLE/_2_PROGRAMMING/WinAVR_Portable_V14_1/WinAVR-20100110/lib/gcc/avr/4.3.3/../../../../avr/lib/avr5\libc.a
LOAD c:/_tot/_5_PORTABLE/_2_PROGRAMMING/WinAVR_Portable_V14_1/WinAVR-20100110/lib/gcc/avr/4.3.3/avr5\libgcc.a

.hash
 *(.hash)

.dynsym
 *(.dynsym)

.dynstr
 *(.dynstr)

.gnu.version
 *(.gnu.version)

.gnu.version_d
 *(.gnu.version_d)

.gnu.version_r
 *(.gnu.version_r)

.rel.init
 *(.rel.init)

.rela.init
 *(.rela.init)

.rel.text
 *(.rel.text)
 *(.rel.text.*)
 *(.rel.gnu.linkonce.t*)

.rela.text
 *(.rela.text)
 *(.rela.text.*)
 *(.rela.gnu.linkonce.t*)

.rel.fini
 *(.rel.fini)

.rela.fini
 *(.rela.fini)

.rel.rodata
 *(.rel.rodata)
 *(.rel.rodata.*)
 *(.rel.gnu.linkonce.r*)

.rela.rodata
 *(.rela.rodata)
 *(.rela.rodata.*)
 *(.rela.gnu.linkonce.r*)

.rel.data
 *(.rel.data)
 *(.rel.data.*)
 *(.rel.gnu.linkonce.d*)

.rela.data
 *(.rela.data)
 *(.rela.data.*)
 *(.rela.gnu.linkonce.d*)

.rel.ctors
 *(.rel.ctors)

.rela.ctors
 *(.rela.ctors)

.rel.dtors
 *(.rel.dtors)

.rela.dtors
 *(.rela.dtors)

.rel.got
 *(.rel.got)

.rela.got
 *(.rela.got)

.rel.bss
 *(.rel.bss)

.rela.bss
 *(.rela.bss)

.rel.plt
 *(.rel.plt)

.rela.plt
 *(.rela.plt)

.text           0x00000000      0x438
 *(.vectors)
 .vectors       0x00000000       0x68 c:/_tot/_5_PORTABLE/_2_PROGRAMMING/WinAVR_Portable_V14_1/WinAVR-20100110/lib/gcc/avr/4.3.3/../../../../avr/lib/avr5/crtm328p.o
                0x00000000                __vectors
                0x00000000                __vector_default
 *(.vectors)
 *(.progmem.gcc*)
 *(.progmem*)
 .progmem.data  0x00000068       0x53 test_lcd.o
                0x000000bc                . = ALIGN (0x2)
 *fill*         0x000000bb        0x1 00
                0x000000bc                __trampolines_start = .
 *(.trampolines)
 .trampolines   0x000000bc        0x0 linker stubs
 *(.trampolines*)
                0x000000bc                __trampolines_end = .
 *(.jumptables)
 *(.jumptables*)
 *(.lowtext)
 *(.lowtext*)
                0x000000bc                __ctors_start = .
 *(.ctors)
                0x000000bc                __ctors_end = .
                0x000000bc                __dtors_start = .
 *(.dtors)
                0x000000bc                __dtors_end = .
 SORT(*)(.ctors)
 SORT(*)(.dtors)
 *(.init0)
 .init0         0x000000bc        0x0 c:/_tot/_5_PORTABLE/_2_PROGRAMMING/WinAVR_Portable_V14_1/WinAVR-20100110/lib/gcc/avr/4.3.3/../../../../avr/lib/avr5/crtm328p.o
                0x000000bc                __init
 *(.init0)
 *(.init1)
 *(.init1)
 *(.init2)
 .init2         0x000000bc        0xc c:/_tot/_5_PORTABLE/_2_PROGRAMMING/WinAVR_Portable_V14_1/WinAVR-20100110/lib/gcc/avr/4.3.3/../../../../avr/lib/avr5/crtm328p.o
 *(.init2)
 *(.init3)
 *(.init3)
 *(.init4)
 .init4         0x000000c8       0x16 c:/_tot/_5_PORTABLE/_2_PROGRAMMING/WinAVR_Portable_V14_1/WinAVR-20100110/lib/gcc/avr/4.3.3/avr5\libgcc.a(_copy_data.o)
                0x000000c8                __do_copy_data
 *(.init4)
 *(.init5)
 *(.init5)
 *(.init6)
 *(.init6)
 *(.init7)
 *(.init7)
 *(.init8)
 *(.init8)
 *(.init9)
 .init9         0x000000de        0x8 c:/_tot/_5_PORTABLE/_2_PROGRAMMING/WinAVR_Portable_V14_1/WinAVR-20100110/lib/gcc/avr/4.3.3/../../../../avr/lib/avr5/crtm328p.o
 *(.init9)
 *(.text)
 .text          0x000000e6        0x4 c:/_tot/_5_PORTABLE/_2_PROGRAMMING/WinAVR_Portable_V14_1/WinAVR-20100110/lib/gcc/avr/4.3.3/../../../../avr/lib/avr5/crtm328p.o
                0x000000e6                __vector_22
                0x000000e6                __vector_1
                0x000000e6                __vector_24
                0x000000e6                __vector_12
                0x000000e6                __bad_interrupt
                0x000000e6                __vector_6
                0x000000e6                __vector_3
                0x000000e6                __vector_23
                0x000000e6                __vector_25
                0x000000e6                __vector_11
                0x000000e6                __vector_13
                0x000000e6                __vector_17
                0x000000e6                __vector_19
                0x000000e6                __vector_7
                0x000000e6                __vector_5
                0x000000e6                __vector_4
                0x000000e6                __vector_9
                0x000000e6                __vector_2
                0x000000e6                __vector_21
                0x000000e6                __vector_15
                0x000000e6                __vector_8
                0x000000e6                __vector_14
                0x000000e6                __vector_10
                0x000000e6                __vector_16
                0x000000e6                __vector_18
                0x000000e6                __vector_20
 .text          0x000000ea      0x104 test_lcd.o
                0x00000104                main
                0x000000ea                wait_until_key_pressed
 .text          0x000001ee      0x1bc lcd.o
                0x00000296                lcd_data
                0x000002aa                lcd_gotoxy
                0x000002d2                lcd_putc
                0x000002ca                lcd_home
                0x000002c2                lcd_clrscr
                0x000002ba                lcd_getxy
                0x000002fc                lcd_puts
                0x00000314                lcd_puts_p
                0x00000330                lcd_init
                0x00000282                lcd_command
 .text          0x000003aa        0x0 c:/_tot/_5_PORTABLE/_2_PROGRAMMING/WinAVR_Portable_V14_1/WinAVR-20100110/lib/gcc/avr/4.3.3/avr5\libgcc.a(_exit.o)
 .text          0x000003aa        0x0 c:/_tot/_5_PORTABLE/_2_PROGRAMMING/WinAVR_Portable_V14_1/WinAVR-20100110/lib/gcc/avr/4.3.3/avr5\libgcc.a(_copy_data.o)
 .text          0x000003aa        0x0 c:/_tot/_5_PORTABLE/_2_PROGRAMMING/WinAVR_Portable_V14_1/WinAVR-20100110/lib/gcc/avr/4.3.3/../../../../avr/lib/avr5\libc.a(itoa.o)
 .text          0x000003aa        0x0 c:/_tot/_5_PORTABLE/_2_PROGRAMMING/WinAVR_Portable_V14_1/WinAVR-20100110/lib/gcc/avr/4.3.3/../../../../avr/lib/avr5\libc.a(strrev.o)
 .text          0x000003aa        0x0 c:/_tot/_5_PORTABLE/_2_PROGRAMMING/WinAVR_Portable_V14_1/WinAVR-20100110/lib/gcc/avr/4.3.3/avr5\libgcc.a(_udivmodhi4.o)
                0x000003aa                . = ALIGN (0x2)
 *(.text.*)
 .text.libgcc   0x000003aa        0x0 c:/_tot/_5_PORTABLE/_2_PROGRAMMING/WinAVR_Portable_V14_1/WinAVR-20100110/lib/gcc/avr/4.3.3/avr5\libgcc.a(_exit.o)
 .text.libgcc   0x000003aa        0x0 c:/_tot/_5_PORTABLE/_2_PROGRAMMING/WinAVR_Portable_V14_1/WinAVR-20100110/lib/gcc/avr/4.3.3/avr5\libgcc.a(_copy_data.o)
 .text.avr-libc
                0x000003aa       0x42 c:/_tot/_5_PORTABLE/_2_PROGRAMMING/WinAVR_Portable_V14_1/WinAVR-20100110/lib/gcc/avr/4.3.3/../../../../avr/lib/avr5\libc.a(itoa.o)
                0x000003aa                itoa
 .text.avr-libc
                0x000003ec       0x20 c:/_tot/_5_PORTABLE/_2_PROGRAMMING/WinAVR_Portable_V14_1/WinAVR-20100110/lib/gcc/avr/4.3.3/../../../../avr/lib/avr5\libc.a(strrev.o)
                0x000003ec                strrev
 .text.libgcc   0x0000040c       0x28 c:/_tot/_5_PORTABLE/_2_PROGRAMMING/WinAVR_Portable_V14_1/WinAVR-20100110/lib/gcc/avr/4.3.3/avr5\libgcc.a(_udivmodhi4.o)
                0x0000040c                __udivmodhi4
                0x00000434                . = ALIGN (0x2)
 *(.fini9)
 .fini9         0x00000434        0x0 c:/_tot/_5_PORTABLE/_2_PROGRAMMING/WinAVR_Portable_V14_1/WinAVR-20100110/lib/gcc/avr/4.3.3/avr5\libgcc.a(_exit.o)
                0x00000434                exit
                0x00000434                _exit
 *(.fini9)
 *(.fini8)
 *(.fini8)
 *(.fini7)
 *(.fini7)
 *(.fini6)
 *(.fini6)
 *(.fini5)
 *(.fini5)
 *(.fini4)
 *(.fini4)
 *(.fini3)
 *(.fini3)
 *(.fini2)
 *(.fini2)
 *(.fini1)
 *(.fini1)
 *(.fini0)
 .fini0         0x00000434        0x4 c:/_tot/_5_PORTABLE/_2_PROGRAMMING/WinAVR_Portable_V14_1/WinAVR-20100110/lib/gcc/avr/4.3.3/avr5\libgcc.a(_exit.o)
 *(.fini0)
                0x00000438                _etext = .

.data           0x00800100       0x2a load address 0x00000438
                0x00800100                PROVIDE (__data_start, .)
 *(.data)
 .data          0x00800100        0x0 c:/_tot/_5_PORTABLE/_2_PROGRAMMING/WinAVR_Portable_V14_1/WinAVR-20100110/lib/gcc/avr/4.3.3/../../../../avr/lib/avr5/crtm328p.o
 .data          0x00800100       0x2a test_lcd.o
 .data          0x0080012a        0x0 lcd.o
 .data          0x0080012a        0x0 c:/_tot/_5_PORTABLE/_2_PROGRAMMING/WinAVR_Portable_V14_1/WinAVR-20100110/lib/gcc/avr/4.3.3/avr5\libgcc.a(_exit.o)
 .data          0x0080012a        0x0 c:/_tot/_5_PORTABLE/_2_PROGRAMMING/WinAVR_Portable_V14_1/WinAVR-20100110/lib/gcc/avr/4.3.3/avr5\libgcc.a(_copy_data.o)
 .data          0x0080012a        0x0 c:/_tot/_5_PORTABLE/_2_PROGRAMMING/WinAVR_Portable_V14_1/WinAVR-20100110/lib/gcc/avr/4.3.3/../../../../avr/lib/avr5\libc.a(itoa.o)
 .data          0x0080012a        0x0 c:/_tot/_5_PORTABLE/_2_PROGRAMMING/WinAVR_Portable_V14_1/WinAVR-20100110/lib/gcc/avr/4.3.3/../../../../avr/lib/avr5\libc.a(strrev.o)
 .data          0x0080012a        0x0 c:/_tot/_5_PORTABLE/_2_PROGRAMMING/WinAVR_Portable_V14_1/WinAVR-20100110/lib/gcc/avr/4.3.3/avr5\libgcc.a(_udivmodhi4.o)
 *(.data*)
 *(.rodata)
 *(.rodata*)
 *(.gnu.linkonce.d*)
                0x0080012a                . = ALIGN (0x2)
                0x0080012a                _edata = .
                0x0080012a                PROVIDE (__data_end, .)

.bss            0x0080012a        0x0
                0x0080012a                PROVIDE (__bss_start, .)
 *(.bss)
 .bss           0x0080012a        0x0 c:/_tot/_5_PORTABLE/_2_PROGRAMMING/WinAVR_Portable_V14_1/WinAVR-20100110/lib/gcc/avr/4.3.3/../../../../avr/lib/avr5/crtm328p.o
 .bss           0x0080012a        0x0 test_lcd.o
 .bss           0x0080012a        0x0 lcd.o
 .bss           0x0080012a        0x0 c:/_tot/_5_PORTABLE/_2_PROGRAMMING/WinAVR_Portable_V14_1/WinAVR-20100110/lib/gcc/avr/4.3.3/avr5\libgcc.a(_exit.o)
 .bss           0x0080012a        0x0 c:/_tot/_5_PORTABLE/_2_PROGRAMMING/WinAVR_Portable_V14_1/WinAVR-20100110/lib/gcc/avr/4.3.3/avr5\libgcc.a(_copy_data.o)
 .bss           0x0080012a        0x0 c:/_tot/_5_PORTABLE/_2_PROGRAMMING/WinAVR_Portable_V14_1/WinAVR-20100110/lib/gcc/avr/4.3.3/../../../../avr/lib/avr5\libc.a(itoa.o)
 .bss           0x0080012a        0x0 c:/_tot/_5_PORTABLE/_2_PROGRAMMING/WinAVR_Portable_V14_1/WinAVR-20100110/lib/gcc/avr/4.3.3/../../../../avr/lib/avr5\libc.a(strrev.o)
 .bss           0x0080012a        0x0 c:/_tot/_5_PORTABLE/_2_PROGRAMMING/WinAVR_Portable_V14_1/WinAVR-20100110/lib/gcc/avr/4.3.3/avr5\libgcc.a(_udivmodhi4.o)
 *(.bss*)
 *(COMMON)
                0x0080012a                PROVIDE (__bss_end, .)
                0x00000438                __data_load_start = LOADADDR (.data)
                0x00000462                __data_load_end = (__data_load_start + SIZEOF (.data))

.noinit         0x0080012a        0x0
                0x0080012a                PROVIDE (__noinit_start, .)
 *(.noinit*)
                0x0080012a                PROVIDE (__noinit_end, .)
                0x0080012a                _end = .
                0x0080012a                PROVIDE (__heap_start, .)

.eeprom         0x00810000        0x0
 *(.eeprom*)
                0x00810000                __eeprom_end = .

.fuse
 *(.fuse)
 *(.lfuse)
 *(.hfuse)
 *(.efuse)

.lock
 *(.lock*)

.signature
 *(.signature*)

.stab
 *(.stab)

.stabstr
 *(.stabstr)

.stab.excl
 *(.stab.excl)

.stab.exclstr
 *(.stab.exclstr)

.stab.index
 *(.stab.index)

.stab.indexstr
 *(.stab.indexstr)

.comment
 *(.comment)

.debug
 *(.debug)

.line
 *(.line)

.debug_srcinfo
 *(.debug_srcinfo)

.debug_sfnames
 *(.debug_sfnames)

.debug_aranges  0x00000000       0x40
 *(.debug_aranges)
 .debug_aranges
                0x00000000       0x20 test_lcd.o
 .debug_aranges
                0x00000020       0x20 lcd.o

.debug_pubnames
                0x00000000       0xd4
 *(.debug_pubnames)
 .debug_pubnames
                0x00000000       0x36 test_lcd.o
 .debug_pubnames
                0x00000036       0x9e lcd.o

.debug_info     0x00000000      0x9dd
 *(.debug_info)
 .debug_info    0x00000000      0x218 test_lcd.o
 .debug_info    0x00000218      0x7c5 lcd.o
 *(.gnu.linkonce.wi.*)

.debug_abbrev   0x00000000      0x364
 *(.debug_abbrev)
 .debug_abbrev  0x00000000      0x11b test_lcd.o
 .debug_abbrev  0x0000011b      0x249 lcd.o

.debug_line     0x00000000      0x787
 *(.debug_line)
 .debug_line    0x00000000      0x2a0 test_lcd.o
 .debug_line    0x000002a0      0x4e7 lcd.o

.debug_frame    0x00000000      0x110
 *(.debug_frame)
 .debug_frame   0x00000000       0x30 test_lcd.o
 .debug_frame   0x00000030       0xe0 lcd.o

.debug_str      0x00000000      0x1fb
 *(.debug_str)
 .debug_str     0x00000000      0x11a test_lcd.o
                                0x153 (size before relaxing)
 .debug_str     0x0000011a       0xe1 lcd.o
                                0x1f7 (size before relaxing)

.debug_loc      0x00000000      0x2cb
 *(.debug_loc)
 .debug_loc     0x00000000       0x13 test_lcd.o
 .debug_loc     0x00000013      0x2b8 lcd.o

.debug_macinfo
 *(.debug_macinfo)
OUTPUT(test_lcd.elf elf32-avr)
LOAD linker stubs

.debug_ranges   0x00000000       0x48
 .debug_ranges  0x00000000       0x48 test_lcd.o

Cross Reference Table

Symbol                                            File
__bad_interrupt                                   c:/_tot/_5_PORTABLE/_2_PROGRAMMING/WinAVR_Portable_V14_1/WinAVR-20100110/lib/gcc/avr/4.3.3/../../../../avr/lib/avr5/crtm328p.o
__data_end                                        c:/_tot/_5_PORTABLE/_2_PROGRAMMING/WinAVR_Portable_V14_1/WinAVR-20100110/lib/gcc/avr/4.3.3/avr5\libgcc.a(_copy_data.o)
__data_load_start                                 c:/_tot/_5_PORTABLE/_2_PROGRAMMING/WinAVR_Portable_V14_1/WinAVR-20100110/lib/gcc/avr/4.3.3/avr5\libgcc.a(_copy_data.o)
__data_start                                      c:/_tot/_5_PORTABLE/_2_PROGRAMMING/WinAVR_Portable_V14_1/WinAVR-20100110/lib/gcc/avr/4.3.3/avr5\libgcc.a(_copy_data.o)
__do_copy_data                                    c:/_tot/_5_PORTABLE/_2_PROGRAMMING/WinAVR_Portable_V14_1/WinAVR-20100110/lib/gcc/avr/4.3.3/avr5\libgcc.a(_copy_data.o)
                                                  test_lcd.o
__heap_end                                        c:/_tot/_5_PORTABLE/_2_PROGRAMMING/WinAVR_Portable_V14_1/WinAVR-20100110/lib/gcc/avr/4.3.3/../../../../avr/lib/avr5/crtm328p.o
__init                                            c:/_tot/_5_PORTABLE/_2_PROGRAMMING/WinAVR_Portable_V14_1/WinAVR-20100110/lib/gcc/avr/4.3.3/../../../../avr/lib/avr5/crtm328p.o
__stack                                           c:/_tot/_5_PORTABLE/_2_PROGRAMMING/WinAVR_Portable_V14_1/WinAVR-20100110/lib/gcc/avr/4.3.3/../../../../avr/lib/avr5/crtm328p.o
__udivmodhi4                                      c:/_tot/_5_PORTABLE/_2_PROGRAMMING/WinAVR_Portable_V14_1/WinAVR-20100110/lib/gcc/avr/4.3.3/avr5\libgcc.a(_udivmodhi4.o)
                                                  c:/_tot/_5_PORTABLE/_2_PROGRAMMING/WinAVR_Portable_V14_1/WinAVR-20100110/lib/gcc/avr/4.3.3/../../../../avr/lib/avr5\libc.a(itoa.o)
__vector_1                                        c:/_tot/_5_PORTABLE/_2_PROGRAMMING/WinAVR_Portable_V14_1/WinAVR-20100110/lib/gcc/avr/4.3.3/../../../../avr/lib/avr5/crtm328p.o
__vector_10                                       c:/_tot/_5_PORTABLE/_2_PROGRAMMING/WinAVR_Portable_V14_1/WinAVR-20100110/lib/gcc/avr/4.3.3/../../../../avr/lib/avr5/crtm328p.o
__vector_11                                       c:/_tot/_5_PORTABLE/_2_PROGRAMMING/WinAVR_Portable_V14_1/WinAVR-20100110/lib/gcc/avr/4.3.3/../../../../avr/lib/avr5/crtm328p.o
__vector_12                                       c:/_tot/_5_PORTABLE/_2_PROGRAMMING/WinAVR_Portable_V14_1/WinAVR-20100110/lib/gcc/avr/4.3.3/../../../../avr/lib/avr5/crtm328p.o
__vector_13                                       c:/_tot/_5_PORTABLE/_2_PROGRAMMING/WinAVR_Portable_V14_1/WinAVR-20100110/lib/gcc/avr/4.3.3/../../../../avr/lib/avr5/crtm328p.o
__vector_14                                       c:/_tot/_5_PORTABLE/_2_PROGRAMMING/WinAVR_Portable_V14_1/WinAVR-20100110/lib/gcc/avr/4.3.3/../../../../avr/lib/avr5/crtm328p.o
__vector_15                                       c:/_tot/_5_PORTABLE/_2_PROGRAMMING/WinAVR_Portable_V14_1/WinAVR-20100110/lib/gcc/avr/4.3.3/../../../../avr/lib/avr5/crtm328p.o
__vector_16                                       c:/_tot/_5_PORTABLE/_2_PROGRAMMING/WinAVR_Portable_V14_1/WinAVR-20100110/lib/gcc/avr/4.3.3/../../../../avr/lib/avr5/crtm328p.o
__vector_17                                       c:/_tot/_5_PORTABLE/_2_PROGRAMMING/WinAVR_Portable_V14_1/WinAVR-20100110/lib/gcc/avr/4.3.3/../../../../avr/lib/avr5/crtm328p.o
__vector_18                                       c:/_tot/_5_PORTABLE/_2_PROGRAMMING/WinAVR_Portable_V14_1/WinAVR-20100110/lib/gcc/avr/4.3.3/../../../../avr/lib/avr5/crtm328p.o
__vector_19                                       c:/_tot/_5_PORTABLE/_2_PROGRAMMING/WinAVR_Portable_V14_1/WinAVR-20100110/lib/gcc/avr/4.3.3/../../../../avr/lib/avr5/crtm328p.o
__vector_2                                        c:/_tot/_5_PORTABLE/_2_PROGRAMMING/WinAVR_Portable_V14_1/WinAVR-20100110/lib/gcc/avr/4.3.3/../../../../avr/lib/avr5/crtm328p.o
__vector_20                                       c:/_tot/_5_PORTABLE/_2_PROGRAMMING/WinAVR_Portable_V14_1/WinAVR-20100110/lib/gcc/avr/4.3.3/../../../../avr/lib/avr5/crtm328p.o
__vector_21                                       c:/_tot/_5_PORTABLE/_2_PROGRAMMING/WinAVR_Portable_V14_1/WinAVR-20100110/lib/gcc/avr/4.3.3/../../../../avr/lib/avr5/crtm328p.o
__vector_22                                       c:/_tot/_5_PORTABLE/_2_PROGRAMMING/WinAVR_Portable_V14_1/WinAVR-20100110/lib/gcc/avr/4.3.3/../../../../avr/lib/avr5/crtm328p.o
__vector_23                                       c:/_tot/_5_PORTABLE/_2_PROGRAMMING/WinAVR_Portable_V14_1/WinAVR-20100110/lib/gcc/avr/4.3.3/../../../../avr/lib/avr5/crtm328p.o
__vector_24                                       c:/_tot/_5_PORTABLE/_2_PROGRAMMING/WinAVR_Portable_V14_1/WinAVR-20100110/lib/gcc/avr/4.3.3/../../../../avr/lib/avr5/crtm328p.o
__vector_25                                       c:/_tot/_5_PORTABLE/_2_PROGRAMMING/WinAVR_Portable_V14_1/WinAVR-20100110/lib/gcc/avr/4.3.3/../../../../avr/lib/avr5/crtm328p.o
__vector_3                                        c:/_tot/_5_PORTABLE/_2_PROGRAMMING/WinAVR_Portable_V14_1/WinAVR-20100110/lib/gcc/avr/4.3.3/../../../../avr/lib/avr5/crtm328p.o
__vector_4                                        c:/_tot/_5_PORTABLE/_2_PROGRAMMING/WinAVR_Portable_V14_1/WinAVR-20100110/lib/gcc/avr/4.3.3/../../../../avr/lib/avr5/crtm328p.o
__vector_5                                        c:/_tot/_5_PORTABLE/_2_PROGRAMMING/WinAVR_Portable_V14_1/WinAVR-20100110/lib/gcc/avr/4.3.3/../../../../avr/lib/avr5/crtm328p.o
__vector_6                                        c:/_tot/_5_PORTABLE/_2_PROGRAMMING/WinAVR_Portable_V14_1/WinAVR-20100110/lib/gcc/avr/4.3.3/../../../../avr/lib/avr5/crtm328p.o
__vector_7                                        c:/_tot/_5_PORTABLE/_2_PROGRAMMING/WinAVR_Portable_V14_1/WinAVR-20100110/lib/gcc/avr/4.3.3/../../../../avr/lib/avr5/crtm328p.o
__vector_8                                        c:/_tot/_5_PORTABLE/_2_PROGRAMMING/WinAVR_Portable_V14_1/WinAVR-20100110/lib/gcc/avr/4.3.3/../../../../avr/lib/avr5/crtm328p.o
__vector_9                                        c:/_tot/_5_PORTABLE/_2_PROGRAMMING/WinAVR_Portable_V14_1/WinAVR-20100110/lib/gcc/avr/4.3.3/../../../../avr/lib/avr5/crtm328p.o
__vector_default                                  c:/_tot/_5_PORTABLE/_2_PROGRAMMING/WinAVR_Portable_V14_1/WinAVR-20100110/lib/gcc/avr/4.3.3/../../../../avr/lib/avr5/crtm328p.o
__vectors                                         c:/_tot/_5_PORTABLE/_2_PROGRAMMING/WinAVR_Portable_V14_1/WinAVR-20100110/lib/gcc/avr/4.3.3/../../../../avr/lib/avr5/crtm328p.o
_exit                                             c:/_tot/_5_PORTABLE/_2_PROGRAMMING/WinAVR_Portable_V14_1/WinAVR-20100110/lib/gcc/avr/4.3.3/avr5\libgcc.a(_exit.o)
exit                                              c:/_tot/_5_PORTABLE/_2_PROGRAMMING/WinAVR_Portable_V14_1/WinAVR-20100110/lib/gcc/avr/4.3.3/avr5\libgcc.a(_exit.o)
                                                  c:/_tot/_5_PORTABLE/_2_PROGRAMMING/WinAVR_Portable_V14_1/WinAVR-20100110/lib/gcc/avr/4.3.3/../../../../avr/lib/avr5/crtm328p.o
itoa                                              c:/_tot/_5_PORTABLE/_2_PROGRAMMING/WinAVR_Portable_V14_1/WinAVR-20100110/lib/gcc/avr/4.3.3/../../../../avr/lib/avr5\libc.a(itoa.o)
                                                  test_lcd.o
lcd_clrscr                                        lcd.o
                                                  test_lcd.o
lcd_command                                       lcd.o
                                                  test_lcd.o
lcd_data                                          lcd.o
                                                  test_lcd.o
lcd_getxy                                         lcd.o
lcd_gotoxy                                        lcd.o
                                                  test_lcd.o
lcd_home                                          lcd.o
lcd_init                                          lcd.o
                                                  test_lcd.o
lcd_putc                                          lcd.o
                                                  test_lcd.o
lcd_puts                                          lcd.o
                                                  test_lcd.o
lcd_puts_p                                        lcd.o
                                                  test_lcd.o
main                                              test_lcd.o
                                                  c:/_tot/_5_PORTABLE/_2_PROGRAMMING/WinAVR_Portable_V14_1/WinAVR-20100110/lib/gcc/avr/4.3.3/../../../../avr/lib/avr5/crtm328p.o
strrev                                            c:/_tot/_5_PORTABLE/_2_PROGRAMMING/WinAVR_Portable_V14_1/WinAVR-20100110/lib/gcc/avr/4.3.3/../../../../avr/lib/avr5\libc.a(strrev.o)
                                                  c:/_tot/_5_PORTABLE/_2_PROGRAMMING/WinAVR_Portable_V14_1/WinAVR-20100110/lib/gcc/avr/4.3.3/../../../../avr/lib/avr5\libc.a(itoa.o)
wait_until_key_pressed                            test_lcd.o
